cat: .ssh/authorized_keys: No such file or directory
cat: .ssh/authorized_keys: No such file or directory
cat: .ssh/authorized_keys: No such file or directory
cat: .ssh/authorized_keys: No such file or directory
cat: .ssh/authorized_keys: No such file or directory
